# `Command2` Command

**Application:** [TestApp](../commandline.md)  
**Version:** 1.2.3

## Usage

```
TestApp Command2 [-x <VALUE>]
                 [-y <VALUE>]
```

## Parameters

| Name              | Description |
| ----------------- | ----------- |
| [x](#x-parameter) |             |
| [y](#y-parameter) |             |

### `x` Parameter

|                |                   |
| -------------- | ----------------- |
| Name:          | x                 |
| Position:      | *Named parameter* |
| Required:      | No                |
| Default value: | *None*            |
___

### `y` Parameter

|                |                   |
| -------------- | ----------------- |
| Name:          | y                 |
| Position:      | *Named parameter* |
| Required:      | No                |
| Default value: | *None*            |
___

*Documentation generated by [MdDocs](https://github.com/ap0llo/mddocs)*
