# `CommandName` Command

**Application:** [TestApp](../index.md)  
**Version:** 1.2.3

## Usage

```
TestApp CommandName [--option1|-a]
```

## Parameters

| Name                          | Short Name              | Description                |
| ----------------------------- | ----------------------- | -------------------------- |
| [option1](#option1-parameter) | [a](#option1-parameter) | Description of parameter 1 |

### `option1` Parameter

Description of parameter 1

|                |                       |
| -------------- | --------------------- |
| Name:          | option1               |
| Short name:    | a                     |
| Position:      | *Named parameter*     |
| Required:      | No (Switch parameter) |
| Default value: | `False`               |

___

*Documentation generated by [MdDocs](https://github.com/ap0llo/mddocs)*
