# `CommandName` Command

**Application:** [TestApp](../index.md)

## Usage

```
TestApp CommandName [-a <VALUE>]
                    [--xyz <VALUE>]
```

## Parameters

| Name                  | Short Name        | Description |
| --------------------- | ----------------- | ----------- |
|                       | [a](#a-parameter) |             |
| [xyz](#xyz-parameter) |                   |             |

### `a` Parameter

|                |                   |
| -------------- | ----------------- |
| Name:          | a                 |
| Position:      | *Named parameter* |
| Required:      | No                |
| Default value: | *None*            |

___

### `xyz` Parameter

|                |                   |
| -------------- | ----------------- |
| Name:          | xyz               |
| Position:      | *Named parameter* |
| Required:      | No                |
| Default value: | *None*            |

___

*Documentation generated by [MdDocs](https://github.com/ap0llo/mddocs)*
