# `Command2` Command

**Version:** 1.2.3

This is the help text of command 2

## Usage

```
TestApp Command2
```
___

*Documentation generated by [MdDocs](https://github.com/ap0llo/mddocs)*
