# `Command2` Command

## Usage

```
TestApp Command2 [--parameter1 <VALUE>]
```

## Parameters

| Name                                | Description               |
| ----------------------------------- | ------------------------- |
| [parameter1](#parameter1-parameter) | Help text for parameter 1 |

### `parameter1` Parameter

Help text for parameter 1

|                |                   |
| -------------- | ----------------- |
| Name:          | parameter1        |
| Position:      | *Named parameter* |
| Required:      | No                |
| Default value: | *None*            |
___

*Documentation generated by [MdDocs](https://github.com/ap0llo/mddocs)*
