# ApplicationName Command Line Reference

**Version:** 4.5.6

## Usage

usage line 1  
usage line 2  
usage line 3

___

*Documentation generated by [MdDocs](https://github.com/ap0llo/mddocs)*
