<!--  
   Auto-Generated:   
   The contents of this file were generated by a tool.  
   Changes to this file may be list if the file is regenerated  
-->

# ApplicationName Command Line Reference

**Version:** 1.2.3\-beta

___

*Documentation generated by [MdDocs](https://github.com/ap0llo/mddocs)*
