<!--  
  <auto-generated>   
    The contents of this file were generated by a tool.  
    Changes to this file may be list if the file is regenerated  
  </auto-generated>   
-->

# ApplicationName Command Line Reference

## Usage

usage line 1  
usage line 2  
usage line 3

___

*Documentation generated by [MdDocs](https://github.com/ap0llo/mddocs)*
