<!--  
   Auto-Generated:   
   The contents of this file were generated by a tool.  
   Changes to this file may be list if the file is regenerated  
-->

# ApplicationName Command Line Reference

## Commands

| Name                             | Description                 |
| -------------------------------- | --------------------------- |
| [command1](commands/command1.md) | Documentation for command 1 |
| [command2](commands/command2.md) |                             |

___

*Documentation generated by [MdDocs](https://github.com/ap0llo/mddocs)*
