<!--  
  <auto-generated>   
    The contents of this file were generated by a tool.  
    Changes to this file may be list if the file is regenerated  
  </auto-generated>   
-->

# TestApp Command Line Reference

**Version:** 1.2.3

## Usage

Usage line 1  
Usage line2

## Usage

```
TestApp --parameter1 <VALUE>
```

## Parameters

| Name                                | Required | Description |
| ----------------------------------- | -------- | ----------- |
| [parameter1](#parameter1-parameter) | Yes      |             |

### `parameter1` Parameter

|                |                   |
| -------------- | ----------------- |
| Name:          | parameter1        |
| Position:      | *Named parameter* |
| Required:      | Yes               |
| Default value: | *None*            |

___

*Documentation generated by [MdDocs](https://github.com/ap0llo/mddocs)*
