# ApplicationName Command Line Reference

## Usage

Usage line 1  
Usage line2

## Usage

```
TestApp --parameter1 <VALUE>
```

## Parameters

| Name                                | Required | Description |
| ----------------------------------- | -------- | ----------- |
| [parameter1](#parameter1-parameter) | Yes      |             |

### `parameter1` Parameter

|                |                   |
| -------------- | ----------------- |
| Name:          | parameter1        |
| Position:      | *Named parameter* |
| Required:      | Yes               |
| Default value: | *None*            |

___

*Documentation generated by [MdDocs](https://github.com/ap0llo/mddocs)*
