<!--  
 =================================================================   
   Auto-Generated:   
   The contents of this file were generated by a tool.  
   Changes to this file may be list if the file is regenerated  
 =================================================================   
-->

# ApplicationName Command Line Reference

**Version:** 1.2.3

## Usage

Usage line 1  
Usage line2

## Usage

```
TestApp [<VALUE>]
        <Value2>
        [<Value3>]
        --parameter1 <VALUE>
        --parameter2|-x <VALUE>
        -y <VALUE>
```

## Parameters

| Position                          | Name                                     | Short Name                 | Required | Description           |
| --------------------------------- | ---------------------------------------- | -------------------------- | -------- | --------------------- |
| [0](#parameter-position-0)        |                                          |                            | No       |                       |
| [1](#value2-parameter-position-1) | [*Value2*](#value2-parameter-position-1) |                            | Yes      |                       |
| [2](#value3-parameter-position-2) | [*Value3*](#value3-parameter-position-2) |                            | No       | Help text for value 3 |
|                                   | [parameter1](#parameter1-parameter)      |                            | Yes      |                       |
|                                   | [parameter2](#parameter2-parameter)      | [x](#parameter2-parameter) | Yes      |                       |
|                                   |                                          | [y](#y-parameter)          | Yes      |                       |

### Parameter (Position 0)

|                |        |
| -------------- | ------ |
| Position:      | 0      |
| Required:      | No     |
| Default value: | *None* |

___

### `Value2` Parameter (Position 1)

|                |        |
| -------------- | ------ |
| *Name:*        | Value2 |
| Position:      | 1      |
| Required:      | Yes    |
| Default value: | *None* |

___

### `Value3` Parameter (Position 2)

Help text for value 3

|                |        |
| -------------- | ------ |
| *Name:*        | Value3 |
| Position:      | 2      |
| Required:      | No     |
| Default value: | *None* |

___

### `parameter1` Parameter

|                |                   |
| -------------- | ----------------- |
| Name:          | parameter1        |
| Position:      | *Named parameter* |
| Required:      | Yes               |
| Default value: | *None*            |

___

### `parameter2` Parameter

|                |                   |
| -------------- | ----------------- |
| Name:          | parameter2        |
| Short name:    | x                 |
| Position:      | *Named parameter* |
| Required:      | Yes               |
| Default value: | *None*            |

___

### `y` Parameter

|                |                   |
| -------------- | ----------------- |
| Name:          | y                 |
| Position:      | *Named parameter* |
| Required:      | Yes               |
| Default value: | *None*            |

___

*Documentation generated by [MdDocs](https://github.com/ap0llo/mddocs)*
