# ApplicationName Command Line Reference

## Commands

| Name                                 | Description |
| ------------------------------------ | ----------- |
| [commandAbc](commands/commandAbc.md) |             |
| [commandXYZ](commands/commandXYZ.md) |             |
