# ApplicationName Command Line Reference

## Commands

| Name                             | Description                 |
| -------------------------------- | --------------------------- |
| [command1](commands/command1.md) | Documentation for command 1 |
| [command2](commands/command2.md) |                             |
___

*Documentation generated by [MdDocs](https://github.com/ap0llo/mddocs)*
