# ApplicationName Command Line Reference

___

*Documentation generated by [MdDocs](https://github.com/ap0llo/mddocs)*
