# `CommandName` Command

## Parameters

| Position | Name                                   | Description                |
| -------- | -------------------------------------- | -------------------------- |
| 0        |                                        |                            |
| 1        | [Value2](#value2-parameter-position-1) |                            |
| 2        | [Value3](#value3-parameter-position-2) | Help text for value 3      |
|          | [a](#a-parameter)                      | Description of parameter 1 |
|          | [b](#b-parameter)                      | Description of parameter 2 |

### Parameter (Position 0)

___

### `Value2` Parameter (Position 1)

___

### `Value3` Parameter (Position 2)

Help text for value 3

___

### `a` Parameter

Description of parameter 1

**Default value:** `some String`

___

### `b` Parameter

Description of parameter 2

**Default value:** `23`
