# `Command1` Command

## Usage

```
test Command1
```
___

*Documentation generated by [MdDocs](https://github.com/ap0llo/mddocs)*
