# `Command2` Command

## Parameters

| Name                                | Description               |
| ----------------------------------- | ------------------------- |
| [parameter1](#parameter1-parameter) | Help text for parameter 1 |

### `parameter1` Parameter

Help text for parameter 1
