# `Command2` Command

## Usage

```
test Command2 --parameter1 <VALUE>
              [--parameter2 <VALUE>]
              [--parameter3|-x <VALUE>]
              [-y <VALUE>]
```

## Parameters

| Name                                | Short Name                 | Description |
| ----------------------------------- | -------------------------- | ----------- |
| [parameter1](#parameter1-parameter) |                            |             |
| [parameter2](#parameter2-parameter) |                            |             |
| [parameter3](#parameter3-parameter) | [x](#parameter3-parameter) |             |
|                                     | [y](#y-parameter)          |             |

### `parameter1` Parameter

|                |                   |
| -------------- | ----------------- |
| Name:          | parameter1        |
| Position:      | *Named parameter* |
| Required:      | Yes               |
| Default value: | *None*            |
___

### `parameter2` Parameter

|                |                   |
| -------------- | ----------------- |
| Name:          | parameter2        |
| Position:      | *Named parameter* |
| Required:      | No                |
| Default value: | *None*            |
___

### `parameter3` Parameter

|                |                   |
| -------------- | ----------------- |
| Name:          | parameter3        |
| Short name:    | x                 |
| Position:      | *Named parameter* |
| Required:      | No                |
| Default value: | *None*            |
___

### `y` Parameter

|                |                   |
| -------------- | ----------------- |
| Name:          | y                 |
| Position:      | *Named parameter* |
| Required:      | No                |
| Default value: | *None*            |
