# Class1 Constructors

**Declaring Type:** Class1  
**Namespace:** MyNamespace  
**Assembly:** DynamicTestAssembly  
**Assembly Version:** 0.0.0.0

```csharp
public Class1();
```
___

*Documentation generated by [MdDocs](https://github.com/ap0llo/mddocs)*
