<!--  
 =================================================================   
   Auto-Generated:   
   The contents of this file were generated by a tool.  
   Changes to this file may be list if the file is regenerated  
 =================================================================   
-->

# Class1.Event1 Event

**Declaring Type:** Class1  
**Namespace:** MyNamespace  
**Assembly:** DynamicTestAssembly

```csharp
public event EventHandler Event1;
```
___

*Documentation generated by [MdDocs](https://github.com/ap0llo/mddocs)*
