<!--  
  <auto-generated>   
    The contents of this file were generated by a tool.  
    Changes to this file may be list if the file is regenerated  
  </auto-generated>   
-->

# Class1.Field1 Field

**Declaring Type:** Class1  
**Namespace:** MyNamespace  
**Assembly:** DynamicTestAssembly  
**Assembly Version:** 0.0.0.0

```csharp
public int Field1;
```

## Field Value

int

___

*Documentation generated by [MdDocs](https://github.com/ap0llo/mddocs)*
