# Class1.Item Indexer

**Declaring Type:** Class1

```csharp
public int this[int i] { get; }
```

## Parameters

`i`  int

## Indexer Value

int

___

*Documentation generated by [MdDocs](https://github.com/ap0llo/mddocs)*
