<!--  
 =================================================================   
   Auto-Generated:   
   The contents of this file were generated by a tool.  
   Changes to this file may be list if the file is regenerated  
 =================================================================   
-->

# Class1.Method1 Method

**Declaring Type:** Class1

```csharp
public void Method1();
```
___

*Documentation generated by [MdDocs](https://github.com/ap0llo/mddocs)*
