# Class1.Subtraction Operator

**Declaring Type:** Class1

```csharp
public static int operator -(Class1 a, Class1 b);
```

## Parameters

`a`  Class1

`b`  Class1

## Returns

int

___

*Documentation generated by [MdDocs](https://github.com/ap0llo/mddocs)*
