# Class1 Class

**Namespace:** MyNamespace

**Assembly:** DynamicTestAssembly

```csharp
public class Class1
```

**Inheritance:** object → Class1

## Constructors

| Name     | Description |
| -------- | ----------- |
| Class1() |             |

___

*Documentation generated by [MdDocs](https://github.com/ap0llo/mddocs)*
