# Class1.Item Indexer

**Declaring Type:** Class1  
**Namespace:** MyNamespace  
**Assembly:** DynamicTestAssembly  
**Assembly Version:** 0.0.0.0

```csharp
public int this[int i] { get; }
```

## Parameters

`i`  int

## Indexer Value

int

___

*Documentation generated by [MdDocs](https://github.com/ap0llo/mddocs)*
