<!--  
  <auto-generated>   
    The contents of this file were generated by a tool.  
    Changes to this file may be list if the file is regenerated  
  </auto-generated>   
-->

# MyNamespace Namespace

## Classes

| Name   | Description |
| ------ | ----------- |
| Class1 |             |

___

*Documentation generated by [MdDocs](https://github.com/ap0llo/mddocs)*
