# MyNamespace Namespace

## Classes

| Name   | Description |
| ------ | ----------- |
| Class1 |             |

___

*Documentation generated by [MdDocs](https://github.com/ap0llo/mddocs)*
