<!--  
  <auto-generated>   
    The contents of this file were generated by a tool.  
    Changes to this file may be list if the file is regenerated  
  </auto-generated>   
-->

# Class1.Subtraction Operator

**Declaring Type:** Class1  
**Namespace:** MyNamespace  
**Assembly:** DynamicTestAssembly

```csharp
public static int operator -(Class1 a, Class1 b);
```

## Parameters

`a`  Class1

`b`  Class1

## Returns

int

___

*Documentation generated by [MdDocs](https://github.com/ap0llo/mddocs)*
