# Class1.Property1 Property

**Declaring Type:** Class1  
**Namespace:** MyNamespace  
**Assembly:** DynamicTestAssembly  
**Assembly Version:** 0.0.0.0

```csharp
public int Property1 { get; set; }
```

## Property Value

int

___

*Documentation generated by [MdDocs](https://github.com/ap0llo/mddocs)*
