<!--  
  <auto-generated>   
    The contents of this file were generated by a tool.  
    Changes to this file may be list if the file is regenerated  
  </auto-generated>   
-->

# `Command2` Command

**Application:** [TestApp](../index.md)  
**Version:** 1.2.3

## Usage

```
TestApp Command2 --parameter1 <VALUE>
                 [--parameter2 <VALUE>]
                 [--parameter3|-x <VALUE>]
                 [-y <VALUE>]
```

## Parameters

| Name                                | Short Name                 | Required | Description |
| ----------------------------------- | -------------------------- | -------- | ----------- |
| [parameter1](#parameter1-parameter) |                            | Yes      |             |
| [parameter2](#parameter2-parameter) |                            | No       |             |
| [parameter3](#parameter3-parameter) | [x](#parameter3-parameter) | No       |             |
|                                     | [y](#y-parameter)          | No       |             |

### `parameter1` Parameter

|                |                   |
| -------------- | ----------------- |
| Name:          | parameter1        |
| Position:      | *Named parameter* |
| Required:      | Yes               |
| Default value: | *None*            |

___

### `parameter2` Parameter

|                |                   |
| -------------- | ----------------- |
| Name:          | parameter2        |
| Position:      | *Named parameter* |
| Required:      | No                |
| Default value: | *None*            |

___

### `parameter3` Parameter

|                |                   |
| -------------- | ----------------- |
| Name:          | parameter3        |
| Short name:    | x                 |
| Position:      | *Named parameter* |
| Required:      | No                |
| Default value: | *None*            |

___

### `y` Parameter

|                |                   |
| -------------- | ----------------- |
| Name:          | y                 |
| Position:      | *Named parameter* |
| Required:      | No                |
| Default value: | *None*            |

___

*Documentation generated by [MdDocs](https://github.com/ap0llo/mddocs)*
