<!--  
  <auto-generated>   
    The contents of this file were generated by a tool.  
    Changes to this file may be list if the file is regenerated  
  </auto-generated>   
-->

# `CommandName` Command

**Application:** [TestApp](../index.md)  
**Version:** 1.2.3

## Usage

```txt
TestApp CommandName [<VALUE>]
                    [<VALUE>]
                    --paramC <VALUE>
                    --paramD <VALUE>
                    [--paramA <VALUE>]
                    [--paramB <VALUE>]
                    [-A]
                    [--B]
```

## Parameters

| Position                   | Name                        | Short Name        | Required | Description |
| -------------------------- | --------------------------- | ----------------- | -------- | ----------- |
| [1](#parameter-position-1) |                             |                   | No       |             |
| [2](#parameter-position-2) |                             |                   | No       |             |
|                            | [paramA](#parama-parameter) |                   | No       |             |
|                            | [paramB](#paramb-parameter) |                   | No       |             |
|                            | [paramC](#paramc-parameter) |                   | Yes      |             |
|                            | [paramD](#paramd-parameter) |                   | Yes      |             |
|                            | [B](#b-parameter)           |                   | No       |             |
|                            |                             | [A](#a-parameter) | No       |             |

### Parameter (Position 1)

|                |        |
| -------------- | ------ |
| Position:      | 1      |
| Required:      | No     |
| Default value: | *None* |

___

### Parameter (Position 2)

|                |        |
| -------------- | ------ |
| Position:      | 2      |
| Required:      | No     |
| Default value: | *None* |

___

### `paramA` Parameter

|                |                   |
| -------------- | ----------------- |
| Name:          | paramA            |
| Position:      | *Named parameter* |
| Required:      | No                |
| Default value: | *None*            |

___

### `paramB` Parameter

|                |                   |
| -------------- | ----------------- |
| Name:          | paramB            |
| Position:      | *Named parameter* |
| Required:      | No                |
| Default value: | *None*            |

___

### `paramC` Parameter

|                |                   |
| -------------- | ----------------- |
| Name:          | paramC            |
| Position:      | *Named parameter* |
| Required:      | Yes               |
| Default value: | *None*            |

___

### `paramD` Parameter

|                |                   |
| -------------- | ----------------- |
| Name:          | paramD            |
| Position:      | *Named parameter* |
| Required:      | Yes               |
| Default value: | *None*            |

___

### `B` Parameter

|                |                           |
| -------------- | ------------------------- |
| Name:          | B                         |
| Position:      | *None (Switch Parameter)* |
| Required:      | *No (Switch Parameter)*   |
| Default value: | `false`                   |

___

### `A` Parameter

|                |                           |
| -------------- | ------------------------- |
| Name:          | A                         |
| Position:      | *None (Switch Parameter)* |
| Required:      | *No (Switch Parameter)*   |
| Default value: | `false`                   |

___

*Documentation generated by [MdDocs](https://github.com/ap0llo/mddocs)*
