<!--  
  <auto-generated>   
    The contents of this file were generated by a tool.  
    Changes to this file may be list if the file is regenerated  
  </auto-generated>   
-->

# `Command2` Command

**Application:** [TestApp](../index.md)  
**Version:** 1.2.3

## Usage

```
TestApp Command2 [--parameter1 <VALUE>]
```

## Parameters

| Name                                | Description               |
| ----------------------------------- | ------------------------- |
| [parameter1](#parameter1-parameter) | Help text for parameter 1 |

### `parameter1` Parameter

Help text for parameter 1

|                |                   |
| -------------- | ----------------- |
| Name:          | parameter1        |
| Position:      | *Named parameter* |
| Required:      | No                |
| Default value: | *None*            |

___

*Documentation generated by [MdDocs](https://github.com/ap0llo/mddocs)*
