<!--  
  <auto-generated>   
    The contents of this file were generated by a tool.  
    Changes to this file may be list if the file is regenerated  
  </auto-generated>   
-->

# `Command2` Command

**Application:** [TestApp](../index.md)  
**Version:** 1.2.3

This is the help text of command 2

## Usage

```txt
TestApp Command2
```
___

*Documentation generated by [MdDocs](https://github.com/ap0llo/mddocs)*
