<!--  
  <auto-generated>   
    The contents of this file were generated by a tool.  
    Changes to this file may be list if the file is regenerated  
  </auto-generated>   
-->

# `CommandName` Command

**Application:** [TestApp](../index.md)

## Usage

```txt
TestApp CommandName [--xyz <VALUE>]
                    [-a <VALUE>]
```

## Parameters

| Name                  | Short Name        | Description |
| --------------------- | ----------------- | ----------- |
| [xyz](#xyz-parameter) |                   |             |
|                       | [a](#a-parameter) |             |

### `xyz` Parameter

|                |                   |
| -------------- | ----------------- |
| Name:          | xyz               |
| Position:      | *Named parameter* |
| Required:      | No                |
| Default value: | *None*            |

___

### `a` Parameter

|                |                   |
| -------------- | ----------------- |
| Name:          | a                 |
| Position:      | *Named parameter* |
| Required:      | No                |
| Default value: | *None*            |

___

*Documentation generated by [MdDocs](https://github.com/ap0llo/mddocs)*
